../Core/Src/main.c:121:6:HAL_UART_RxCpltCallback	16	static
../Core/Src/main.c:157:6:LoRa_SendFrame	312	static
../Core/Src/main.c:183:5:main	48	static
../Core/Src/main.c:291:6:SystemClock_Config	88	static
../Core/Src/main.c:335:13:MX_ADC1_Init	24	static
../Core/Src/main.c:382:13:MX_ADC2_Init	24	static
../Core/Src/main.c:429:13:MX_TIM1_Init	32	static
../Core/Src/main.c:475:13:MX_TIM2_Init	64	static
../Core/Src/main.c:534:13:MX_TIM3_Init	32	static
../Core/Src/main.c:579:13:MX_TIM4_Init	32	static
../Core/Src/main.c:624:13:MX_USART1_UART_Init	8	static
../Core/Src/main.c:657:13:MX_GPIO_Init	32	static
../Core/Src/main.c:699:6:Error_Handler	4	static,ignoring_inline_asm
