../Peripheral/Sensor/SharpGP2Y10/Src/SharpGP2Y10.c:11:6:SharpGP2Y10_Init	16	static
../Peripheral/Sensor/SharpGP2Y10/Src/SharpGP2Y10.c:20:6:calc	16	static
../Peripheral/Sensor/SharpGP2Y10/Src/SharpGP2Y10.c:46:7:getDustDensity	8	static
../Peripheral/Sensor/SharpGP2Y10/Src/SharpGP2Y10.c:52:7:getVotage	8	static
../Peripheral/Sensor/SharpGP2Y10/Src/SharpGP2Y10.c:58:5:getADC	8	static
../Peripheral/Sensor/SharpGP2Y10/Src/SharpGP2Y10.c:67:7:getDustDensityField	4	static
../Peripheral/Sensor/SharpGP2Y10/Src/SharpGP2Y10.c:72:7:getVotageField	4	static
../Peripheral/Sensor/SharpGP2Y10/Src/SharpGP2Y10.c:77:5:getADCField	8	static
